CREATE EXTENSION pg_stat_statements WITH SCHEMA public;
CREATE EXTENSION pg_shared_plans WITH SCHEMA public;
-- Set all parameters to default value
SET pg_shared_plans.enabled = on;
SET pg_shared_plans.min_plan_time = '10ms';
SET pg_shared_plan.read_only = off;
SET pg_shared_plan.threshold = 4;
SET pg_shared_plan.explain_costs = off;
SET pg_shared_plan.explain_format = 'text';
SET pg_shared_plan.explain_verbose = off;
SELECT pg_shared_plans_reset();
 pg_shared_plans_reset 
-----------------------
 
(1 row)

