DROP ROLE regress_a;
DROP ROLE regress_b;
DROP ROLE regress_c;
SELECT pg_shared_plans_reset();
 pg_shared_plans_reset 
-----------------------
 
(1 row)

